// Jest Snapshot v1, https://goo.gl/fbAQLP

exports[`matches snapshot 1`] = `
<DocumentFragment>
  <div
    class="CardTable"
  >
    <header>
      <h1
        class="CardTable-heading"
      >
        Check out all my cards.
      </h1>
    </header>
    <main>
      <div
        class="PlayingCardList"
      >
        <h3>
          Pick a card, any card!
        </h3>
        <div>
          <button>
            Add a playing card!
          </button>
          <button>
            Clear All Cards
          </button>
        </div>
        <div
          class="PlayingCardList-card-area"
        />
      </div>
      <div
        class="PokeDex"
      >
        <div
          class="PokeDex-buttons"
        >
          <h3>
            Please select your pokemon:
          </h3>
          <div>
            <select>
              <option
                value="0"
              >
                pikachu
              </option>
              <option
                value="1"
              >
                jigglypuff
              </option>
              <option
                value="2"
              >
                charizard
              </option>
              <option
                value="3"
              >
                gengar
              </option>
              <option
                value="4"
              >
                arcanine
              </option>
              <option
                value="5"
              >
                bulbasaur
              </option>
              <option
                value="6"
              >
                blaziken
              </option>
              <option
                value="7"
              >
                umbreon
              </option>
              <option
                value="8"
              >
                lucario
              </option>
              <option
                value="9"
              >
                gardevoir
              </option>
              <option
                value="10"
              >
                eevee
              </option>
              <option
                value="11"
              >
                dragonite
              </option>
              <option
                value="12"
              >
                absol
              </option>
              <option
                value="13"
              >
                typhlosion
              </option>
              <option
                value="14"
              >
                ampharos
              </option>
              <option
                value="15"
              >
                squirtle
              </option>
              <option
                value="16"
              >
                flygon
              </option>
              <option
                value="17"
              >
                ninetales
              </option>
              <option
                value="18"
              >
                tyranitar
              </option>
              <option
                value="19"
              >
                infernape
              </option>
              <option
                value="20"
              >
                snorlax
              </option>
              <option
                value="21"
              >
                torterra
              </option>
              <option
                value="22"
              >
                luxray
              </option>
              <option
                value="23"
              >
                scizor
              </option>
              <option
                value="24"
              >
                blastoise
              </option>
              <option
                value="25"
              >
                mudkip
              </option>
              <option
                value="26"
              >
                garchomp
              </option>
            </select>
            <button>
              Catch one!
            </button>
            <button>
              I'm feeling lucky
            </button>
          </div>
          <button>
            Clear All Cards
          </button>
        </div>
        <div
          class="PokeDex-card-area"
        />
      </div>
    </main>
  </div>
</DocumentFragment>
`;
